
> frontend@0.0.0 build
> ng build

[33mΓ¥»[39m Building...
[32mΓ£ö[39m Building...
Application bundle generation failed. [14.322 seconds] - 2026-02-27T07:19:23.264Z

node.exe : [1m[31m[31mX 
[41;31m[[41;97mERROR[41;31m][0m 
[1mNG2003: No suitable injection 
token for parameter 'cdr' of class 
'AdminDashboardComponent'.
At line:1 char:1
+ & "C:\Program 
Files\nodejs/node.exe" "C:\Program 
Files\nodejs/node_mo ...
+ ~~~~~~~~~~~~~~~~~~~~~~~~~~~~~~~~~~~~
~~~~~~~~~~~~~~~~~~~~~~~~~~~~~~~~~
    + CategoryInfo          : NotSpec 
   ified: ([1m[31m[31mX...oardCom  
  ponent'.:String) [], RemoteExcept   
 ion
    + FullyQualifiedErrorId : NativeC 
   ommandError
 
  Consider using the @Inject 
decorator to specify an injection 
token.[0m [1m[35m[plugin 
angular-compiler][0m

    src/app/admin/admin-dashboard.comp
onent.ts:34:100:
[37m      34 Γöé ... 
NotificationService, private 
[32mcdr[37m: 
import('@angular/core').Chan...
         Γò╡                          
        [32m~~~[0m

  This type is not supported as 
injection token.

    src/app/admin/admin-dashboard.comp
onent.ts:34:105:
[37m      34 Γöé ...rvice, private 
cdr: [32mimport('@angular/core').Chan
geDetectorRef[37m) { }
         Γò╡                        [
32m~~~~~~~~~~~~~~~~~~~~~~~~~~~~~~~~~~~
~~~~~~[0m

[39m[22m
